// Jest Snapshot v1, https://goo.gl/fbAQLP

exports[`<FilmScene /> when film loaded has film information 1`] = `
<DocumentFragment>
  <button
    class="button backButton"
  >
    <svg
      fill="currentColor"
      height="1em"
      stroke="currentColor"
      stroke-width="0"
      viewBox="0 0 512 512"
      width="1em"
      xmlns="http://www.w3.org/2000/svg"
    >
      <path
        d="M112 352l-64-64 64-64"
        fill="none"
        stroke-linecap="round"
        stroke-linejoin="round"
        stroke-width="32"
      />
      <path
        d="M64 288h294c58.76 0 106-49.33 106-108v-20"
        fill="none"
        stroke-linecap="round"
        stroke-linejoin="round"
        stroke-width="32"
      />
    </svg>
     Back
  </button>
  <article
    class="film"
  >
    <div
      class="poster"
      style="background-image: url(undefined);"
    />
    <div
      class="main"
    >
      <div
        class="top"
      >
        <h1
          class="title"
        >
          Shang-Chi and the Legend of the Ten Rings
        </h1>
        <div>
          <div
            class="gauge rating"
            data-quarter="0"
          >
            <span
              class="value"
            >
              0
            </span>
          </div>
        </div>
      </div>
      <p
        class="overview"
      >
        Shang-Chi must confront the past he thought he left behind when he is drawn into the web of the mysterious Ten Rings organization.
      </p>
    </div>
    <div
      class="break"
    />
    <section
      class="direction"
    >
      <h3>
        Director
      </h3>
      <p
        class="namesList"
      />
    </section>
    <section>
      <h3>
        Cast
      </h3>
      <p
        class="namesList"
      />
    </section>
  </article>
</DocumentFragment>
`;

exports[`<FilmScene /> when initialized has a loading FilmPlaceholder 1`] = `
<DocumentFragment>
  <div
    class="film"
    data-testid="FilmPlaceholder"
  >
    <div
      class="poster"
    />
    <div
      class="content"
    >
      <div
        class="top"
      >
        <div
          class="title"
        />
        <div
          class="rating"
        />
      </div>
      <div
        class="overview"
      >
        <span />
        <span />
        <span />
        <span />
      </div>
    </div>
  </div>
</DocumentFragment>
`;
